
synthesis -f "SGN_GEN_impl1_lattice.synproj"
synthesis:  version Diamond (64-bit) 3.14.0.75.2

Copyright (c) 1991-1994 by NeoCAD Inc. All rights reserved.
Copyright (c) 1995 AT&T Corp.   All rights reserved.
Copyright (c) 1995-2001 Lucent Technologies Inc.  All rights reserved.
Copyright (c) 2001 Agere Systems   All rights reserved.
Copyright (c) 2002-2024 Lattice Semiconductor Corporation,  All rights reserved.
Wed Sep 23 09:24:22 2026


Command Line:  synthesis -f SGN_GEN_impl1_lattice.synproj -gui -msgset C:/Users/staig/Documents/Uni/Master/Signalgenerator/FPGA_Signalgenerator/Code_Aufgabe/promote.xml 

    <postMsg mid="35002000" type="Info"    dynamic="0" navigation="0"  />
Synthesis options:
The -a option is LatticeXP2.
The -s option is 6.
The -t option is TQFP144.
The -d option is LFXP2-5E.
Using package TQFP144.
Using performance grade 6.
                                                          

##########################################################

### Lattice Family : LatticeXP2

### Device  : LFXP2-5E

### Package : TQFP144

### Speed   : 6

##########################################################

                                                          

    <postMsg mid="35001781" type="Info"    dynamic="0" navigation="0"  />
Optimization goal = Timing
Top-level module name = Toplevel.
Target frequency = 200.000000 MHz.
Maximum fanout = 1000.
Timing path count = 3
BRAM utilization = 100.000000 %
DSP usage = true
DSP utilization = 100.000000 %
fsm_encoding_style = auto
resolve_mixed_drivers = 0
fix_gated_clocks = 0

Mux style = Auto
Use Carry Chain = true
carry_chain_length = 0
Loop Limit = 1950.
Use IO Insertion = TRUE
Use IO Reg = AUTO

Resource Sharing = TRUE
Propagate Constants = TRUE
Remove Duplicate Registers = TRUE
force_gsr = auto
ROM style = auto
RAM style = auto
The -comp option is FALSE.
The -syn option is FALSE.
-p C:/lscc/diamond/3.14/ispfpga/mg5a00/data (searchpath added)
-p C:/Users/staig/Documents/Uni/Master/Signalgenerator/FPGA_Signalgenerator/Code_Aufgabe/impl1 (searchpath added)
-p C:/Users/staig/Documents/Uni/Master/Signalgenerator/FPGA_Signalgenerator/Code_Aufgabe (searchpath added)
VHDL library = work
VHDL design file = C:/Users/staig/Documents/Uni/Master/Signalgenerator/FPGA_Signalgenerator/Code_Aufgabe/toplevel.vhd
VHDL design file = C:/Users/staig/Documents/Uni/Master/Signalgenerator/FPGA_Signalgenerator/Code_Aufgabe/rect_gen.vhd
VHDL design file = C:/Users/staig/Documents/Uni/Master/Signalgenerator/FPGA_Signalgenerator/Code_Aufgabe/dreieck_gen.vhd
VHDL design file = C:/Users/staig/Documents/Uni/Master/Signalgenerator/FPGA_Signalgenerator/Code_Aufgabe/SIN.vhd
    <postMsg mid="35001355" type="Error"   dynamic="1" navigation="0" arg0="C:/Users/staig/Documents/Uni/Master/Signalgenerator/FPGA_Signalgenerator/Code_Aufgabe/SIN.vhd"  />
