Synthesis options:
The -a option is LatticeXP2.
The -s option is 6.
The -t option is TQFP144.
The -d option is LFXP2-5E.
Using package TQFP144.
Using performance grade 6.
                                                          

##########################################################

### Lattice Family : LatticeXP2

### Device  : LFXP2-5E

### Package : TQFP144

### Speed   : 6

##########################################################

                                                          

INFO - synthesis: User-Selected Strategy Settings
Optimization goal = Timing
Top-level module name = Toplevel.
Target frequency = 200.000000 MHz.
Maximum fanout = 1000.
Timing path count = 3
BRAM utilization = 100.000000 %
DSP usage = true
DSP utilization = 100.000000 %
fsm_encoding_style = auto
resolve_mixed_drivers = 0
fix_gated_clocks = 0

Mux style = Auto
Use Carry Chain = true
carry_chain_length = 0
Loop Limit = 1950.
Use IO Insertion = TRUE
Use IO Reg = AUTO

Resource Sharing = TRUE
Propagate Constants = TRUE
Remove Duplicate Registers = TRUE
force_gsr = auto
ROM style = auto
RAM style = auto
The -comp option is FALSE.
The -syn option is FALSE.
-p C:/lscc/diamond/3.14/ispfpga/mg5a00/data (searchpath added)
-p C:/Users/staig/Documents/Uni/Master/Signalgenerator/FPGA_Signalgenerator/Code_Aufgabe/impl1 (searchpath added)
-p C:/Users/staig/Documents/Uni/Master/Signalgenerator/FPGA_Signalgenerator/Code_Aufgabe (searchpath added)
VHDL library = work
VHDL design file = C:/Users/staig/Documents/Uni/Master/Signalgenerator/FPGA_Signalgenerator/Code_Aufgabe/toplevel.vhd
VHDL design file = C:/Users/staig/Documents/Uni/Master/Signalgenerator/FPGA_Signalgenerator/Code_Aufgabe/rect_gen.vhd
VHDL design file = C:/Users/staig/Documents/Uni/Master/Signalgenerator/FPGA_Signalgenerator/Code_Aufgabe/dreieck_gen.vhd
VHDL design file = C:/Users/staig/Documents/Uni/Master/Signalgenerator/FPGA_Signalgenerator/Code_Aufgabe/SIN.vhd
ERROR - synthesis: Cannot find C:/Users/staig/Documents/Uni/Master/Signalgenerator/FPGA_Signalgenerator/Code_Aufgabe/SIN.vhd. File does not exist.
