
synthesis -f "SGN_GEN_impl1_lattice.synproj"
synthesis:  version Diamond (64-bit) 3.14.0.75.2

Copyright (c) 1991-1994 by NeoCAD Inc. All rights reserved.
Copyright (c) 1995 AT&T Corp.   All rights reserved.
Copyright (c) 1995-2001 Lucent Technologies Inc.  All rights reserved.
Copyright (c) 2001 Agere Systems   All rights reserved.
Copyright (c) 2002-2024 Lattice Semiconductor Corporation,  All rights reserved.
Wed Sep 23 08:38:26 2026


Command Line:  synthesis -f SGN_GEN_impl1_lattice.synproj -gui -msgset C:/Users/staig/Documents/Uni/Master/Signalgenerator/FPGA_Signalgenerator/Code_Loesung/promote.xml 

    <postMsg mid="35002000" type="Info"    dynamic="0" navigation="0"  />
Synthesis options:
The -a option is LatticeXP2.
The -s option is 6.
The -t option is TQFP144.
The -d option is LFXP2-5E.
Using package TQFP144.
Using performance grade 6.
                                                          

##########################################################

### Lattice Family : LatticeXP2

### Device  : LFXP2-5E

### Package : TQFP144

### Speed   : 6

##########################################################

                                                          

    <postMsg mid="35001781" type="Info"    dynamic="0" navigation="0"  />
Optimization goal = Timing
Top-level module name = Toplevel.
Target frequency = 200.000000 MHz.
Maximum fanout = 1000.
Timing path count = 3
BRAM utilization = 100.000000 %
DSP usage = true
DSP utilization = 100.000000 %
fsm_encoding_style = auto
resolve_mixed_drivers = 0
fix_gated_clocks = 0

Mux style = Auto
Use Carry Chain = true
carry_chain_length = 0
Loop Limit = 1950.
Use IO Insertion = TRUE
Use IO Reg = AUTO

Resource Sharing = TRUE
Propagate Constants = TRUE
Remove Duplicate Registers = TRUE
force_gsr = auto
ROM style = auto
RAM style = auto
The -comp option is FALSE.
The -syn option is FALSE.
-p C:/lscc/diamond/3.14/ispfpga/mg5a00/data (searchpath added)
-p C:/Users/staig/Documents/Uni/Master/Signalgenerator/FPGA_Signalgenerator/Code_Loesung/impl1 (searchpath added)
-p C:/Users/staig/Documents/Uni/Master/Signalgenerator/FPGA_Signalgenerator/Code_Loesung (searchpath added)
VHDL library = work
VHDL design file = C:/Users/staig/Documents/Uni/Master/Signalgenerator/FPGA_Signalgenerator/Code_Loesung/toplevel.vhd
VHDL design file = C:/Users/staig/Documents/Uni/Master/Signalgenerator/FPGA_Signalgenerator/Code_Loesung/rect_gen.vhd
VHDL design file = C:/Users/staig/Documents/Uni/Master/Signalgenerator/FPGA_Signalgenerator/Code_Loesung/dreieck_gen.vhd
VHDL design file = C:/Users/staig/Documents/Uni/Master/Signalgenerator/FPGA_Signalgenerator/Code_Loesung/SIN.vhd
VHDL design file = C:/Users/staig/Documents/Uni/Master/Signalgenerator/FPGA_Signalgenerator/Code_Loesung/sinus_gen.vhd
VHDL design file = C:/Users/staig/Documents/Uni/Master/Signalgenerator/FPGA_Signalgenerator/Code_Loesung/saegezahn_gen.vhd
VHDL design file = C:/Users/staig/Documents/Uni/Master/Signalgenerator/FPGA_Signalgenerator/Code_Loesung/steuerung.vhd
VHDL design file = C:/Users/staig/Documents/Uni/Master/Signalgenerator/FPGA_Signalgenerator/Code_Loesung/debounce.vhd
VHDL design file = C:/Users/staig/Documents/Uni/Master/Signalgenerator/FPGA_Signalgenerator/Code_Loesung/mystery.vhd
VHDL design file = C:/Users/staig/Documents/Uni/Master/Signalgenerator/FPGA_Signalgenerator/Code_Loesung/frequenzteiler.vhd
NGD file = SGN_GEN_impl1.ngd
-sdc option: SDC file input not used.
-lpf option: Output file option is ON.
Hardtimer checking is enabled (default). The -dt option is not used.
The -r option is OFF. [ Remove LOC Properties is OFF. ]
Analyzing Verilog file C:/lscc/diamond/3.14/ispfpga/userware/NT/SYNTHESIS_HEADERS/xp2.v. VERI-1482
Compile design.
Compile Design Begin
    <postMsg mid="35921504" type="Info"    dynamic="2" navigation="0" arg0="" arg1="C:/Users/staig/Documents/Uni/Master/Signalgenerator/FPGA_Signalgenerator/Code_Loesung/impl1"  />
Analyzing VHDL file c:/users/staig/documents/uni/master/signalgenerator/fpga_signalgenerator/code_loesung/debounce.vhd. VHDL-1481
    <postMsg mid="35921012" type="Info"    dynamic="2" navigation="2" arg0="c:/users/staig/documents/uni/master/signalgenerator/fpga_signalgenerator/code_loesung/debounce.vhd(16): " arg1="debounce" arg2="c:/users/staig/documents/uni/master/signalgenerator/fpga_signalgenerator/code_loesung/debounce.vhd" arg3="16"  />
    <postMsg mid="35921010" type="Info"    dynamic="2" navigation="2" arg0="c:/users/staig/documents/uni/master/signalgenerator/fpga_signalgenerator/code_loesung/debounce.vhd(29): " arg1="rtl" arg2="c:/users/staig/documents/uni/master/signalgenerator/fpga_signalgenerator/code_loesung/debounce.vhd" arg3="29"  />
unit Toplevel is not yet analyzed. VHDL-1485
Analyzing VHDL file c:/users/staig/documents/uni/master/signalgenerator/fpga_signalgenerator/code_loesung/steuerung.vhd. VHDL-1481
    <postMsg mid="35921012" type="Info"    dynamic="2" navigation="2" arg0="c:/users/staig/documents/uni/master/signalgenerator/fpga_signalgenerator/code_loesung/steuerung.vhd(15): " arg1="steuerung" arg2="c:/users/staig/documents/uni/master/signalgenerator/fpga_signalgenerator/code_loesung/steuerung.vhd" arg3="15"  />
    <postMsg mid="35921010" type="Info"    dynamic="2" navigation="2" arg0="c:/users/staig/documents/uni/master/signalgenerator/fpga_signalgenerator/code_loesung/steuerung.vhd(40): " arg1="rtl" arg2="c:/users/staig/documents/uni/master/signalgenerator/fpga_signalgenerator/code_loesung/steuerung.vhd" arg3="40"  />
unit Toplevel is not yet analyzed. VHDL-1485
Analyzing VHDL file c:/users/staig/documents/uni/master/signalgenerator/fpga_signalgenerator/code_loesung/frequenzteiler.vhd. VHDL-1481
    <postMsg mid="35921012" type="Info"    dynamic="2" navigation="2" arg0="c:/users/staig/documents/uni/master/signalgenerator/fpga_signalgenerator/code_loesung/frequenzteiler.vhd(15): " arg1="frequenzteiler" arg2="c:/users/staig/documents/uni/master/signalgenerator/fpga_signalgenerator/code_loesung/frequenzteiler.vhd" arg3="15"  />
    <postMsg mid="35921010" type="Info"    dynamic="2" navigation="2" arg0="c:/users/staig/documents/uni/master/signalgenerator/fpga_signalgenerator/code_loesung/frequenzteiler.vhd(23): " arg1="rtl" arg2="c:/users/staig/documents/uni/master/signalgenerator/fpga_signalgenerator/code_loesung/frequenzteiler.vhd" arg3="23"  />
unit Toplevel is not yet analyzed. VHDL-1485
Analyzing VHDL file c:/users/staig/documents/uni/master/signalgenerator/fpga_signalgenerator/code_loesung/rect_gen.vhd. VHDL-1481
    <postMsg mid="35921012" type="Info"    dynamic="2" navigation="2" arg0="c:/users/staig/documents/uni/master/signalgenerator/fpga_signalgenerator/code_loesung/rect_gen.vhd(14): " arg1="rect_gen" arg2="c:/users/staig/documents/uni/master/signalgenerator/fpga_signalgenerator/code_loesung/rect_gen.vhd" arg3="14"  />
    <postMsg mid="35921010" type="Info"    dynamic="2" navigation="2" arg0="c:/users/staig/documents/uni/master/signalgenerator/fpga_signalgenerator/code_loesung/rect_gen.vhd(25): " arg1="rtl" arg2="c:/users/staig/documents/uni/master/signalgenerator/fpga_signalgenerator/code_loesung/rect_gen.vhd" arg3="25"  />
unit Toplevel is not yet analyzed. VHDL-1485
Analyzing VHDL file c:/users/staig/documents/uni/master/signalgenerator/fpga_signalgenerator/code_loesung/dreieck_gen.vhd. VHDL-1481
    <postMsg mid="35921012" type="Info"    dynamic="2" navigation="2" arg0="c:/users/staig/documents/uni/master/signalgenerator/fpga_signalgenerator/code_loesung/dreieck_gen.vhd(15): " arg1="dreieck_gen" arg2="c:/users/staig/documents/uni/master/signalgenerator/fpga_signalgenerator/code_loesung/dreieck_gen.vhd" arg3="15"  />
    <postMsg mid="35921010" type="Info"    dynamic="2" navigation="2" arg0="c:/users/staig/documents/uni/master/signalgenerator/fpga_signalgenerator/code_loesung/dreieck_gen.vhd(27): " arg1="rtl" arg2="c:/users/staig/documents/uni/master/signalgenerator/fpga_signalgenerator/code_loesung/dreieck_gen.vhd" arg3="27"  />
unit Toplevel is not yet analyzed. VHDL-1485
Analyzing VHDL file c:/users/staig/documents/uni/master/signalgenerator/fpga_signalgenerator/code_loesung/sin.vhd. VHDL-1481
    <postMsg mid="35921012" type="Info"    dynamic="2" navigation="2" arg0="c:/users/staig/documents/uni/master/signalgenerator/fpga_signalgenerator/code_loesung/sin.vhd(14): " arg1="sin" arg2="c:/users/staig/documents/uni/master/signalgenerator/fpga_signalgenerator/code_loesung/sin.vhd" arg3="14"  />
    <postMsg mid="35921010" type="Info"    dynamic="2" navigation="2" arg0="c:/users/staig/documents/uni/master/signalgenerator/fpga_signalgenerator/code_loesung/sin.vhd(23): " arg1="structure" arg2="c:/users/staig/documents/uni/master/signalgenerator/fpga_signalgenerator/code_loesung/sin.vhd" arg3="23"  />
unit Toplevel is not yet analyzed. VHDL-1485
Analyzing VHDL file c:/users/staig/documents/uni/master/signalgenerator/fpga_signalgenerator/code_loesung/sinus_gen.vhd. VHDL-1481
    <postMsg mid="35921012" type="Info"    dynamic="2" navigation="2" arg0="c:/users/staig/documents/uni/master/signalgenerator/fpga_signalgenerator/code_loesung/sinus_gen.vhd(17): " arg1="sinus_gen" arg2="c:/users/staig/documents/uni/master/signalgenerator/fpga_signalgenerator/code_loesung/sinus_gen.vhd" arg3="17"  />
    <postMsg mid="35921010" type="Info"    dynamic="2" navigation="2" arg0="c:/users/staig/documents/uni/master/signalgenerator/fpga_signalgenerator/code_loesung/sinus_gen.vhd(27): " arg1="rtl" arg2="c:/users/staig/documents/uni/master/signalgenerator/fpga_signalgenerator/code_loesung/sinus_gen.vhd" arg3="27"  />
unit Toplevel is not yet analyzed. VHDL-1485
Analyzing VHDL file c:/users/staig/documents/uni/master/signalgenerator/fpga_signalgenerator/code_loesung/saegezahn_gen.vhd. VHDL-1481
    <postMsg mid="35921012" type="Info"    dynamic="2" navigation="2" arg0="c:/users/staig/documents/uni/master/signalgenerator/fpga_signalgenerator/code_loesung/saegezahn_gen.vhd(14): " arg1="saegezahn_gen" arg2="c:/users/staig/documents/uni/master/signalgenerator/fpga_signalgenerator/code_loesung/saegezahn_gen.vhd" arg3="14"  />
    <postMsg mid="35921010" type="Info"    dynamic="2" navigation="2" arg0="c:/users/staig/documents/uni/master/signalgenerator/fpga_signalgenerator/code_loesung/saegezahn_gen.vhd(25): " arg1="rtl" arg2="c:/users/staig/documents/uni/master/signalgenerator/fpga_signalgenerator/code_loesung/saegezahn_gen.vhd" arg3="25"  />
unit Toplevel is not yet analyzed. VHDL-1485
Analyzing VHDL file c:/users/staig/documents/uni/master/signalgenerator/fpga_signalgenerator/code_loesung/mystery.vhd. VHDL-1481
    <postMsg mid="35921012" type="Info"    dynamic="2" navigation="2" arg0="c:/users/staig/documents/uni/master/signalgenerator/fpga_signalgenerator/code_loesung/mystery.vhd(11): " arg1="mystery" arg2="c:/users/staig/documents/uni/master/signalgenerator/fpga_signalgenerator/code_loesung/mystery.vhd" arg3="11"  />
    <postMsg mid="35921010" type="Info"    dynamic="2" navigation="2" arg0="c:/users/staig/documents/uni/master/signalgenerator/fpga_signalgenerator/code_loesung/mystery.vhd(19): " arg1="rtl" arg2="c:/users/staig/documents/uni/master/signalgenerator/fpga_signalgenerator/code_loesung/mystery.vhd" arg3="19"  />
unit Toplevel is not yet analyzed. VHDL-1485
Analyzing VHDL file c:/users/staig/documents/uni/master/signalgenerator/fpga_signalgenerator/code_loesung/toplevel.vhd. VHDL-1481
    <postMsg mid="35921012" type="Info"    dynamic="2" navigation="2" arg0="c:/users/staig/documents/uni/master/signalgenerator/fpga_signalgenerator/code_loesung/toplevel.vhd(18): " arg1="toplevel" arg2="c:/users/staig/documents/uni/master/signalgenerator/fpga_signalgenerator/code_loesung/toplevel.vhd" arg3="18"  />
    <postMsg mid="35921010" type="Info"    dynamic="2" navigation="2" arg0="c:/users/staig/documents/uni/master/signalgenerator/fpga_signalgenerator/code_loesung/toplevel.vhd(59): " arg1="arch" arg2="c:/users/staig/documents/uni/master/signalgenerator/fpga_signalgenerator/code_loesung/toplevel.vhd" arg3="59"  />
unit Toplevel is not yet analyzed. VHDL-1485
unit Toplevel is not yet analyzed. VHDL-1485
c:/users/staig/documents/uni/master/signalgenerator/fpga_signalgenerator/code_loesung/toplevel.vhd(18): executing Toplevel(arch)

    <postMsg mid="35921205" type="Warning" dynamic="3" navigation="2" arg0="c:/users/staig/documents/uni/master/signalgenerator/fpga_signalgenerator/code_loesung/toplevel.vhd(57): " arg1="Toplevel" arg2="arch" arg3="c:/users/staig/documents/uni/master/signalgenerator/fpga_signalgenerator/code_loesung/toplevel.vhd" arg4="57"  />
Top module name (VHDL): Toplevel
Last elaborated design is Toplevel(arch)
Loading NGL library 'C:/lscc/diamond/3.14/ispfpga/mg5a00/data/mg5alib.ngl'...
Loading NGL library 'C:/lscc/diamond/3.14/ispfpga/ep5a00/data/ep5alib.ngl'...
Loading NGL library 'C:/lscc/diamond/3.14/ispfpga/ep5g00/data/ep5glib.ngl'...
Loading NGL library 'C:/lscc/diamond/3.14/ispfpga/or5g00/data/orc5glib.ngl'...
Loading device for application map from file 'mg5a26x29.nph' in environment: C:/lscc/diamond/3.14/ispfpga.
Package Status:                     Final          Version 1.42.
Top-level module name = Toplevel.



Removed duplicate sequential element \gen_mystery/phase_acc_ret0(10 bit), because it is equivalent to \gen_mystery/phase_acc_ret3

######## Missing driver on net n2292. Patching with GND.
######## Missing driver on net n2291. Patching with GND.
######## Missing driver on net n2290. Patching with GND.
######## Missing driver on net n2289. Patching with GND.
######## Missing driver on net n2288. Patching with GND.
######## Missing driver on net n2287. Patching with GND.
    <postMsg mid="35935013" type="Warning" dynamic="2" navigation="2" arg0="c:/users/staig/documents/uni/master/signalgenerator/fpga_signalgenerator/code_loesung/steuerung.vhd(149): " arg1="\control_inst/inc_val_reg_i4" arg2="c:/users/staig/documents/uni/master/signalgenerator/fpga_signalgenerator/code_loesung/steuerung.vhd" arg3="149"  />
GSR will not be inferred because no asynchronous signal was found in the netlist.
    <postMsg mid="35001779" type="Warning" dynamic="1" navigation="0" arg0="\control_inst/p2_reg_i0"  />
    <postMsg mid="35001779" type="Warning" dynamic="1" navigation="0" arg0="\control_inst/p2_reg_i3"  />
    <postMsg mid="35001779" type="Warning" dynamic="1" navigation="0" arg0="\control_inst/p2_reg_i5"  />
    <postMsg mid="35001779" type="Warning" dynamic="1" navigation="0" arg0="\control_inst/p2_reg_i6"  />
    <postMsg mid="35001779" type="Warning" dynamic="1" navigation="0" arg0="\control_inst/p2_reg_i7"  />
    <postMsg mid="35001779" type="Warning" dynamic="1" navigation="0" arg0="\control_inst/p2_reg_i8"  />
    <postMsg mid="35001779" type="Warning" dynamic="1" navigation="0" arg0="\control_inst/p2_reg_i9"  />
Duplicate register/latch removal. \control_inst/inc_val_reg_i5 is a one-to-one match with \control_inst/inc_val_reg_i6.
Duplicate register/latch removal. \control_inst/inc_val_reg_i7 is a one-to-one match with \control_inst/inc_val_reg_i8.
Duplicate register/latch removal. \control_inst/inc_val_reg_i9 is a one-to-one match with \control_inst/inc_val_reg_i7.
Applying 200.000000 MHz constraint to all clocks

    <postMsg mid="35001611" type="Warning" dynamic="0" navigation="0"  />
Results of NGD DRC are available in Toplevel_drc.log.
Loading NGL library 'C:/lscc/diamond/3.14/ispfpga/mg5a00/data/mg5alib.ngl'...
Loading NGL library 'C:/lscc/diamond/3.14/ispfpga/ep5a00/data/ep5alib.ngl'...
Loading NGL library 'C:/lscc/diamond/3.14/ispfpga/ep5g00/data/ep5glib.ngl'...
Loading NGL library 'C:/lscc/diamond/3.14/ispfpga/or5g00/data/orc5glib.ngl'...


Running DRC...

    <postMsg mid="1166052" type="Warning" dynamic="2" navigation="1" arg0="logical" arg1="gen_mystery/sin_core_inst/neg_rom_addr0_r_n_0/S0" arg2="gen_mystery/sin_core_inst/neg_rom_addr0_r_n_0/S0"  />
    <postMsg mid="1166052" type="Warning" dynamic="2" navigation="1" arg0="logical" arg1="gen_mystery/sin_core_inst/neg_rom_addr0_r_n_4/C1" arg2="gen_mystery/sin_core_inst/neg_rom_addr0_r_n_4/C1"  />
    <postMsg mid="1166052" type="Warning" dynamic="2" navigation="1" arg0="logical" arg1="gen_mystery/sin_core_inst/neg_rom_addr0_r_n_4/S1" arg2="gen_mystery/sin_core_inst/neg_rom_addr0_r_n_4/S1"  />
    <postMsg mid="1166052" type="Warning" dynamic="2" navigation="1" arg0="logical" arg1="gen_mystery/sin_core_inst/neg_rom_dout_n_0/S0" arg2="gen_mystery/sin_core_inst/neg_rom_dout_n_0/S0"  />
    <postMsg mid="1166052" type="Warning" dynamic="2" navigation="1" arg0="logical" arg1="gen_mystery/sin_core_inst/neg_rom_dout_n_4/C1" arg2="gen_mystery/sin_core_inst/neg_rom_dout_n_4/C1"  />
    <postMsg mid="1166052" type="Warning" dynamic="2" navigation="1" arg0="logical" arg1="gen_mystery/sin_core_inst/neg_rom_dout_n_4/S1" arg2="gen_mystery/sin_core_inst/neg_rom_dout_n_4/S1"  />
    <postMsg mid="1166052" type="Warning" dynamic="2" navigation="1" arg0="logical" arg1="gen_sin/sin_core_inst/neg_rom_addr0_r_n_0/S0" arg2="gen_sin/sin_core_inst/neg_rom_addr0_r_n_0/S0"  />
    <postMsg mid="1166052" type="Warning" dynamic="2" navigation="1" arg0="logical" arg1="gen_sin/sin_core_inst/neg_rom_addr0_r_n_4/C1" arg2="gen_sin/sin_core_inst/neg_rom_addr0_r_n_4/C1"  />
    <postMsg mid="1166052" type="Warning" dynamic="2" navigation="1" arg0="logical" arg1="gen_sin/sin_core_inst/neg_rom_addr0_r_n_4/S1" arg2="gen_sin/sin_core_inst/neg_rom_addr0_r_n_4/S1"  />
    <postMsg mid="1166052" type="Warning" dynamic="2" navigation="1" arg0="logical" arg1="gen_sin/sin_core_inst/neg_rom_dout_n_0/S0" arg2="gen_sin/sin_core_inst/neg_rom_dout_n_0/S0"  />
    <postMsg mid="1166052" type="Warning" dynamic="2" navigation="1" arg0="logical" arg1="gen_sin/sin_core_inst/neg_rom_dout_n_4/C1" arg2="gen_sin/sin_core_inst/neg_rom_dout_n_4/C1"  />
    <postMsg mid="1166052" type="Warning" dynamic="2" navigation="1" arg0="logical" arg1="gen_sin/sin_core_inst/neg_rom_dout_n_4/S1" arg2="gen_sin/sin_core_inst/neg_rom_dout_n_4/S1"  />
    <postMsg mid="1163101" type="Warning" dynamic="1" navigation="0" arg0="12"  />

Design Results:
   1132 blocks expanded
completed the first expansion
All blocks are expanded and NGD expansion is successful.
Writing NGD file SGN_GEN_impl1.ngd.

################### Begin Area Report (Toplevel)######################
Number of register bits => 432 of 3864 (11 % )
AND2 => 2
CCU2B => 190
FADD2B => 20
FD1P3AX => 32
FD1P3AY => 7
FD1P3DX => 56
FD1P3IX => 91
FD1P3JX => 2
FD1S3AX => 90
FD1S3AY => 22
FD1S3IX => 132
GSR => 1
IB => 6
INV => 36
MULT18X18B => 2
MUX21 => 48
OB => 45
ORCALUT4 => 297
PFUMX => 27
ROM16X1 => 6
ROM256X1 => 16
SP16KB => 1
################### End Area Report ##################

################### Begin Clock Report ######################
Clock Nets
Number of Clocks: 1
  Net : clk_c, loads : 433
Clock Enable Nets
Number of Clock Enables: 14
Top 10 highest fanout Clock Enables:
  Net : gen_tri/clk_c_enable_103, loads : 25
  Net : gen_saw/clk_c_enable_58, loads : 24
  Net : control_inst/clk_c_enable_94, loads : 16
  Net : control_inst/clk_c_enable_95, loads : 16
  Net : gen_mystery/tick_en, loads : 13
  Net : control_inst/inc_val_reg_15__N_147, loads : 6
  Net : control_inst/param_sel_reg_1__N_128, loads : 2
  Net : control_inst/db_param/clk_c_enable_38, loads : 1
  Net : control_inst/db_plus/clk_c_enable_32, loads : 1
  Net : control_inst/db_mode/clk_c_enable_35, loads : 1
Highest fanout non-clock nets
Top 10 highest fanout non-clock nets:
  Net : control_inst/db_minus/sw6_clean, loads : 51
  Net : freqteiler_inst/clk_c_enable_104, loads : 49
  Net : control_inst/sw6_d, loads : 49
  Net : control_inst/sig_mode_1, loads : 40
  Net : control_inst/sig_mode_0, loads : 36
  Net : control_inst/param_sel_reg_0, loads : 29
  Net : control_inst/param_sel_reg_1, loads : 27
  Net : gen_tri/clk_c_enable_103, loads : 25
  Net : gen_saw/clk_c_enable_58, loads : 24
  Net : gen_mystery/note_index_0, loads : 21
################### End Clock Report ##################

Timing Report Summary
--------------
--------------------------------------------------------------------------------
Constraint                              |   Constraint|       Actual|Levels
--------------------------------------------------------------------------------
                                        |             |             |
create_clock -period 5.000000 -name     |             |             |
clk0 [get_nets clk_c]                   |  200.000 MHz|   62.131 MHz|    12 *
                                        |             |             |
--------------------------------------------------------------------------------


1 constraints not met.


Peak Memory Usage: 107.375  MB

--------------------------------------------------------------
Elapsed CPU time for LSE flow : 1.203  secs
--------------------------------------------------------------

map -a "LatticeXP2" -p LFXP2-5E -t TQFP144 -s 6 -oc Industrial   "SGN_GEN_impl1.ngd" -o "SGN_GEN_impl1_map.ncd" -pr "SGN_GEN_impl1.prf" -mp "SGN_GEN_impl1.mrp" -lpf "C:/Users/staig/Documents/Uni/Master/Signalgenerator/FPGA_Signalgenerator/Code_Loesung/impl1/SGN_GEN_impl1.lpf" -lpf "C:/Users/staig/Documents/Uni/Master/Signalgenerator/FPGA_Signalgenerator/Code_Loesung/SGN_GEN.lpf"             
map:  version Diamond (64-bit) 3.14.0.75.2

Copyright (c) 1991-1994 by NeoCAD Inc. All rights reserved.
Copyright (c) 1995 AT&T Corp.   All rights reserved.
Copyright (c) 1995-2001 Lucent Technologies Inc.  All rights reserved.
Copyright (c) 2001 Agere Systems   All rights reserved.
Copyright (c) 2002-2024 Lattice Semiconductor Corporation,  All rights reserved.
   Process the file: SGN_GEN_impl1.ngd
   Picdevice="LFXP2-5E"

   Pictype="TQFP144"

   Picspeed=6

   Remove unused logic

   Do not produce over sized NCDs.

Part used: LFXP2-5ETQFP144, Performance used: 6.

Loading device for application map from file 'mg5a26x29.nph' in environment: C:/lscc/diamond/3.14/ispfpga.
Package Status:                     Final          Version 1.42.

Running general design DRC...

Removing unused logic...

Optimizing...

663 CCU2 constant inputs absorbed.




Design Summary:
   Number of registers:    432 out of  3864 (11%)
      PFU registers:          432 out of  3564 (12%)
      PIO registers:            0 out of   300 (0%)
   Number of SLICEs:       557 out of  2376 (23%)
      SLICEs as Logic/ROM:    557 out of  2376 (23%)
      SLICEs as RAM:            0 out of   405 (0%)
      SLICEs as Carry:        210 out of  2376 (9%)
   Number of LUT4s:        927 out of  4752 (20%)
      Number used as logic LUTs:        507
      Number used as distributed RAM:     0
      Number used as ripple logic:      420
      Number used as shift registers:     0
   Number of PIO sites used: 51 out of 100 (51%)
   Number of PIO FIXEDDELAY:    0
   Number of DQSDLLs:  0 out of 2 (0%)
   Number of PLLs:  0 out of 2 (0%)
   Number of block RAMs:  1 out of 9 (11%)
   Number of CLKDIVs:  0 out of 2 (0%)
   Number of GSRs:  0 out of 1 (0%)
   JTAG used :      No
   Readback used :  No
   Oscillator used :  No
   Startup used :   No
   Notes:-
      1. Total number of LUT4s = (Number of logic LUT4s) + 2*(Number of distributed RAMs) + 2*(Number of ripple logic)
      2. Number of logic LUT4s does not include count of distributed RAM and ripple logic.

   Number Of Mapped DSP Components:
   --------------------------------
   MULT36X36B          0
   MULT18X18B          2
   MULT18X18MACB       0
   MULT18X18ADDSUBB    0
   MULT18X18ADDSUBSUMB 0
   MULT9X9B            0
   MULT9X9ADDSUBB      0
   MULT9X9ADDSUBSUMB   0
   --------------------------------
   Number of Used DSP Sites:  4 out of 24 (16 %)
   Number of clocks:  1
     Net clk_c: 258 loads, 258 rising, 0 falling (Driver: PIO clk )
   Number of Clock Enables:  14
     Net gen_saw/clk_c_enable_58: 4 loads, 4 LSLICEs
     Net clk_c_enable_104: 29 loads, 29 LSLICEs
     Net tick_en: 5 loads, 5 LSLICEs
     Net gen_tri/clk_c_enable_103: 6 loads, 6 LSLICEs
     Net gen_mystery/tick_en: 6 loads, 6 LSLICEs
     Net control_inst/inc_val_reg_15__N_147: 3 loads, 3 LSLICEs
     Net control_inst/clk_c_enable_94: 8 loads, 8 LSLICEs
     Net control_inst/clk_c_enable_95: 8 loads, 8 LSLICEs
     Net control_inst/param_sel_reg_1__N_128: 2 loads, 2 LSLICEs
     Net control_inst/db_plus/clk_c_enable_32: 1 loads, 1 LSLICEs
     Net control_inst/db_param/clk_c_enable_38: 1 loads, 1 LSLICEs
     Net control_inst/db_mode/clk_c_enable_35: 1 loads, 1 LSLICEs
     Net control_inst/db_minus/clk_c_enable_31: 1 loads, 1 LSLICEs
     Net control_inst/db_inc/clk_c_enable_33: 1 loads, 1 LSLICEs
   Number of LSRs:  14
     Net gen_saw/clk_c_enable_58: 9 loads, 9 LSLICEs
     Net freqteiler_inst/counter_15__N_322: 9 loads, 9 LSLICEs
     Net gen_tri/clk_c_enable_103: 9 loads, 9 LSLICEs
     Net gen_mystery/n651: 6 loads, 6 LSLICEs
     Net gen_mystery/tick_counter_15__N_590: 9 loads, 9 LSLICEs
     Net gen_rect/n3076: 9 loads, 9 LSLICEs
     Net control_inst/n1013: 8 loads, 8 LSLICEs
     Net control_inst/n995: 8 loads, 8 LSLICEs
     Net control_inst/n4827: 2 loads, 2 LSLICEs
     Net control_inst/db_plus/n668: 11 loads, 11 LSLICEs
     Net control_inst/db_param/n660: 11 loads, 11 LSLICEs
     Net control_inst/db_mode/n656: 11 loads, 11 LSLICEs
     Net control_inst/db_minus/n672: 11 loads, 11 LSLICEs
     Net control_inst/db_inc/n664: 11 loads, 11 LSLICEs
   Number of nets driven by tri-state buffers:  0
   Top 10 highest fanout non-clock nets:
     Net VCC_net: 295 loads
     Net gen_mystery/sin_core_inst/rom_addr0_r_n_14: 79 loads
     Net gen_sin/sin_core_inst/rom_addr0_r_n_14: 79 loads
     Net gen_mystery/sin_core_inst/rom_addr0_r_n_11: 75 loads
     Net gen_sin/sin_core_inst/rom_addr0_r_n_11: 75 loads
     Net gen_mystery/sin_core_inst/rom_addr0_r_n_10: 71 loads
     Net gen_sin/sin_core_inst/rom_addr0_r_n_10: 71 loads
     Net gen_mystery/sin_core_inst/rom_addr0_r_n_9: 59 loads
     Net gen_sin/sin_core_inst/rom_addr0_r_n_9: 59 loads
     Net sw6_clean: 53 loads
 

   Number of warnings:  0
   Number of errors:    0



INFO: Design contains EBR with ASYNC Reset Mode that has a limitation:
The use of the EBR block asynchronous reset requires that certain timing
be met between the clock and the reset within the memory block. 
See the device specific data sheet for additional details.

. MULT18X18B  gen_mystery/sine_ext_reg_15__I_0:

Multiplier
        Operation               Signed
        Operation Registers     CLK     CE      RST
        --------------------------------------------
                Input                               
        Operation Registers     CLK     CE      RST
        --------------------------------------------
                Input                               
Data
        Input Registers         CLK     CE      RST  
        ---------------------------------------------
                A                                       
                B                                       

        Pipeline Registers      CLK     CE      RST
        --------------------------------------------
                Pipe                                

        Output Register         CLK     CE      RST
        --------------------------------------------
                Output                              
Other
        GSR     DISABLED

. MULT18X18B  gen_sin/sine_ext_reg_15__I_0:

Multiplier
        Operation               Signed
        Operation Registers     CLK     CE      RST
        --------------------------------------------
                Input                               
        Operation Registers     CLK     CE      RST
        --------------------------------------------
                Input                               
Data
        Input Registers         CLK     CE      RST  
        ---------------------------------------------
                A                                       
                B                                       

        Pipeline Registers      CLK     CE      RST
        --------------------------------------------
                Pipe                                

        Output Register         CLK     CE      RST
        --------------------------------------------
                Output                              
Other
        GSR     DISABLED


Total CPU Time: 0 secs  
Total REAL Time: 0 secs  
Peak Memory Usage: 71 MB

Dumping design to file SGN_GEN_impl1_map.ncd.

ncd2vdb "SGN_GEN_impl1_map.ncd" ".vdbs/SGN_GEN_impl1_map.vdb"

Loading device for application ncd2vdb from file 'mg5a26x29.nph' in environment: C:/lscc/diamond/3.14/ispfpga.

mpartrce -p "SGN_GEN_impl1.p2t" -f "SGN_GEN_impl1.p3t" -tf "SGN_GEN_impl1.pt" "SGN_GEN_impl1_map.ncd" "SGN_GEN_impl1.ncd"

---- MParTrce Tool ----
Removing old design directory at request of -rem command line option to this program.
Running par. Please wait . . .

Lattice Place and Route Report for Design "SGN_GEN_impl1_map.ncd"
Wed Sep 23 08:38:29 2026

PAR: Place And Route Diamond (64-bit) 3.14.0.75.2.
Command Line: par -w -l 5 -i 6 -pe -t 1 -c 0 -e 0 -gui -msgset C:/Users/staig/Documents/Uni/Master/Signalgenerator/FPGA_Signalgenerator/Code_Loesung/promote.xml -exp parUseNBR=1:parCDP=auto:parCDR=1:parPathBased=OFF:parASE=1 SGN_GEN_impl1_map.ncd SGN_GEN_impl1.dir/5_1.ncd SGN_GEN_impl1.prf
Preference file: SGN_GEN_impl1.prf.
Placement level-cost: 5-1.
Routing Iterations: 6

Loading design for application par from file SGN_GEN_impl1_map.ncd.
Design name: Toplevel
NCD version: 3.3
Vendor:      LATTICE
Device:      LFXP2-5E
Package:     TQFP144
Performance: 6
Loading device for application par from file 'mg5a26x29.nph' in environment: C:/lscc/diamond/3.14/ispfpga.
Package Status:                     Final          Version 1.42.
Performance Hardware Data Status:   Final          Version 11.5.
License checked out.


Ignore Preference Error(s):  False
Device utilization summary:

   PIO (prelim)      51/174          29% used
                     51/100          51% bonded
   EBR                1/9            11% used
   MULT18             2/12           16% used
   SLICE            557/2376         23% used



chipcheck: INFO: Design contains EBR with ASYNC Reset Mode that has a limitation: The use of the EBR block asynchronous reset requires that certain timing be met between the clock and the reset within the memory block. See the device specific datasheet for additional details.
chipcheck: INFO: Design contains pre-loadable EBR during configuration that has a requirement:Since the GSR is disabled for the EBR, make sure write enable and chip enable are inactive during wake-up, so that the pre-loaded initialization values will not be corrupted during wake-up state.
Number of Signals: 1453
Number of Connections: 4139

Pin Constraint Summary:
   51 out of 51 pins locked (100% locked).


The following 1 signal is selected to use the primary clock routing resources:
    clk_c (driver: clk, clk load #: 259)

No signal is selected as DCS clock.

The following 1 signal is selected to use the secondary clock routing resources:
    clk_c_enable_104 (driver: freqteiler_inst/SLICE_210, clk load #: 0, sr load #: 0, ce load #: 29)

No signal is selected as Global Set/Reset.
Starting Placer Phase 0.
............
Finished Placer Phase 0.  REAL time: 0 secs 


Starting Placer Phase 1.
.....................
Placer score = 177396.
Finished Placer Phase 1.  REAL time: 5 secs 

Starting Placer Phase 2.
.
Placer score =  174590
Finished Placer Phase 2.  REAL time: 5 secs 


------------------ Clock Report ------------------

Global Clock Resources:
  CLK_PIN    : 1 out of 8 (12%)
  PLL        : 0 out of 2 (0%)
  CLKDIV     : 0 out of 2 (0%)

Global Clocks:
  PRIMARY "clk_c" from comp "clk" on CLK_PIN site "21 (PL12A)", clk load = 259
  SECONDARY "clk_c_enable_104" from Q0 on comp "freqteiler_inst/SLICE_210" on site "R25C18C", clk load = 0, ce load = 29, sr load = 0

  PRIMARY  : 1 out of 8 (12%)
     DCS   : 0 out of 2 (0%)
  SECONDARY: 1 out of 4 (25%)

Edge Clocks:
  No edge clock selected

--------------- End of Clock Report ---------------


I/O Usage Summary (final):
   51 out of 174 (29.3%) PIO sites used.
   51 out of 100 (51.0%) bonded PIO sites used.
   Number of PIO comps: 51; differential: 0.
   Number of Vref pins used: 0.

I/O Bank Usage Summary:
+----------+----------------+------------+------------+------------+
| I/O Bank | Usage          | Bank Vccio | Bank Vref1 | Bank Vref2 |
+----------+----------------+------------+------------+------------+
| 0        | 0 / 20 (  0%)  | -          | -          | -          |
| 1        | 4 / 6 ( 66%)   | 2.5V       | -          | -          |
| 2        | 18 / 18 (100%) | 2.5V       | -          | -          |
| 3        | 4 / 4 (100%)   | 2.5V       | -          | -          |
| 4        | 5 / 8 ( 62%)   | 2.5V       | -          | -          |
| 5        | 12 / 18 ( 66%) | 2.5V       | -          | -          |
| 6        | 6 / 8 ( 75%)   | 2.5V       | -          | -          |
| 7        | 2 / 18 ( 11%)  | -          | -          | -          |
+----------+----------------+------------+------------+------------+


DSP Utilization Summary:
-------------------------------------
DSP Block #:              1 2 3
# of MULT36X36B                
# of MULT18X18B             2  
# of MULT18X18MACB             
# of MULT18X18ADDSUBB          
# of MULT18X18ADDSUBSUMB       
# of MULT9X9B                  
# of MULT9X9ADDSUBB            
# of MULT9X9ADDSUBSUMB         

DSP Block  2    Component_Type       Physical_Type                Instance_Name              
  R22C14          MULT18X18B             MULT18            gen_sin/sine_ext_reg_15__I_0      
  R22C18          MULT18X18B             MULT18          gen_mystery/sine_ext_reg_15__I_0    

Total placer CPU time: 5 secs 

Dumping design to file SGN_GEN_impl1.dir/5_1.ncd.

0 connections routed; 4139 unrouted.
Starting router resource preassignment

Completed router resource preassignment. Real time: 6 secs 

Start NBR router at 08:38:35 09/23/26

*****************************************************************
Info: NBR allows conflicts(one node used by more than one signal)
      in the earlier iterations. In each iteration, it tries to  
      solve the conflicts while keeping the critical connections 
      routed as short as possible. The routing process is said to
      be completed when no conflicts exist and all connections   
      are routed.                                                
Note: NBR uses a different method to calculate timing slacks. The
      worst slack and total negative slack may not be the same as
      that in TRCE report. You should always run TRCE to verify  
      your design.                                               
*****************************************************************

Start NBR special constraint process at 08:38:35 09/23/26

Start NBR section for initial routing at 08:38:35 09/23/26
Level 4, iteration 1
117(0.05%) conflicts; 0(0.00%) untouched conn; 0 (nbr) score; 
Estimated worst slack/total negative slack<setup>: 10.108ns/0.000ns; real time: 6 secs 

Info: Initial congestion level at 75% usage is 0
Info: Initial congestion area  at 75% usage is 0 (0.00%)

Start NBR section for normal routing at 08:38:35 09/23/26
Level 4, iteration 1
53(0.02%) conflicts; 0(0.00%) untouched conn; 0 (nbr) score; 
Estimated worst slack/total negative slack<setup>: 10.013ns/0.000ns; real time: 6 secs 
Level 4, iteration 2
14(0.01%) conflicts; 0(0.00%) untouched conn; 0 (nbr) score; 
Estimated worst slack/total negative slack<setup>: 9.364ns/0.000ns; real time: 6 secs 
Level 4, iteration 3
5(0.00%) conflicts; 0(0.00%) untouched conn; 0 (nbr) score; 
Estimated worst slack/total negative slack<setup>: 9.364ns/0.000ns; real time: 6 secs 
Level 4, iteration 4
5(0.00%) conflicts; 0(0.00%) untouched conn; 0 (nbr) score; 
Estimated worst slack/total negative slack<setup>: 9.364ns/0.000ns; real time: 6 secs 
Level 4, iteration 5
7(0.00%) conflicts; 0(0.00%) untouched conn; 0 (nbr) score; 
Estimated worst slack/total negative slack<setup>: 9.364ns/0.000ns; real time: 6 secs 
Level 4, iteration 6
1(0.00%) conflict; 0(0.00%) untouched conn; 0 (nbr) score; 
Estimated worst slack/total negative slack<setup>: 9.364ns/0.000ns; real time: 6 secs 
Level 4, iteration 7
0(0.00%) conflict; 0(0.00%) untouched conn; 0 (nbr) score; 
Estimated worst slack/total negative slack<setup>: 9.364ns/0.000ns; real time: 6 secs 

Start NBR section for setup/hold timing optimization with effort level 3 at 08:38:35 09/23/26

Start NBR section for re-routing at 08:38:36 09/23/26
Level 4, iteration 1
0(0.00%) conflict; 0(0.00%) untouched conn; 0 (nbr) score; 
Estimated worst slack/total negative slack<setup>: 9.364ns/0.000ns; real time: 7 secs 

Start NBR section for post-routing at 08:38:36 09/23/26

End NBR router with 0 unrouted connection

NBR Summary
-----------
  Number of unrouted connections : 0 (0.00%)
  Number of connections with timing violations : 0 (0.00%)
  Estimated worst slack<setup> : 9.364ns
  Timing score<setup> : 0
-----------
Notes: The timing info is calculated for SETUP only and all PAR_ADJs are ignored.



Total CPU time 7 secs 
Total REAL time: 8 secs 
Completely routed.
End of route.  4139 routed (100.00%); 0 unrouted.

Hold time timing score: 0, hold timing errors: 0

Timing score: 0 

Dumping design to file SGN_GEN_impl1.dir/5_1.ncd.


PAR_SUMMARY::Run status = Completed
PAR_SUMMARY::Number of unrouted conns = 0
PAR_SUMMARY::Worst  slack<setup/<ns>> = 9.364
PAR_SUMMARY::Timing score<setup/<ns>> = 0.000
PAR_SUMMARY::Worst  slack<hold /<ns>> = 0.175
PAR_SUMMARY::Timing score<hold /<ns>> = 0.000
PAR_SUMMARY::Number of errors = 0

Total CPU  time to completion: 7 secs 
Total REAL time to completion: 8 secs 

par done!

Note: user must run 'Trace' for timing closure signoff.

Copyright (c) 1991-1994 by NeoCAD Inc. All rights reserved.
Copyright (c) 1995 AT&T Corp.   All rights reserved.
Copyright (c) 1995-2001 Lucent Technologies Inc.  All rights reserved.
Copyright (c) 2001 Agere Systems   All rights reserved.
Copyright (c) 2002-2024 Lattice Semiconductor Corporation,  All rights reserved.
Exiting par with exit code 0
Exiting mpartrce with exit code 0

trce -f "SGN_GEN_impl1.pt" -o "SGN_GEN_impl1.twr" "SGN_GEN_impl1.ncd" "SGN_GEN_impl1.prf"
trce:  version Diamond (64-bit) 3.14.0.75.2

Copyright (c) 1991-1994 by NeoCAD Inc. All rights reserved.
Copyright (c) 1995 AT&T Corp.   All rights reserved.
Copyright (c) 1995-2001 Lucent Technologies Inc.  All rights reserved.
Copyright (c) 2001 Agere Systems   All rights reserved.
Copyright (c) 2002-2024 Lattice Semiconductor Corporation,  All rights reserved.

Loading design for application trce from file sgn_gen_impl1.ncd.
Design name: Toplevel
NCD version: 3.3
Vendor:      LATTICE
Device:      LFXP2-5E
Package:     TQFP144
Performance: 6
Loading device for application trce from file 'mg5a26x29.nph' in environment: C:/lscc/diamond/3.14/ispfpga.
Package Status:                     Final          Version 1.42.
Performance Hardware Data Status:   Final          Version 11.5.
Setup and Hold Report

--------------------------------------------------------------------------------
Lattice TRACE Report - Setup, Version Diamond (64-bit) 3.14.0.75.2
Wed Sep 23 08:38:37 2026

Copyright (c) 1991-1994 by NeoCAD Inc. All rights reserved.
Copyright (c) 1995 AT&T Corp.   All rights reserved.
Copyright (c) 1995-2001 Lucent Technologies Inc.  All rights reserved.
Copyright (c) 2001 Agere Systems   All rights reserved.
Copyright (c) 2002-2024 Lattice Semiconductor Corporation,  All rights reserved.

Report Information
------------------
Command line:    trce -v 10 -gt -sethld -sp 6 -sphld m -o SGN_GEN_impl1.twr -gui -msgset C:/Users/staig/Documents/Uni/Master/Signalgenerator/FPGA_Signalgenerator/Code_Loesung/promote.xml SGN_GEN_impl1.ncd SGN_GEN_impl1.prf 
Design file:     sgn_gen_impl1.ncd
Preference file: sgn_gen_impl1.prf
Device,speed:    LFXP2-5E,6
Report level:    verbose report, limited to 10 items per preference
--------------------------------------------------------------------------------

BLOCK ASYNCPATHS
BLOCK RESETPATHS
--------------------------------------------------------------------------------



Timing summary (Setup):
---------------

Timing errors: 0  Score: 0
Cumulative negative slack: 0

Constraints cover 24633 paths, 1 nets, and 3786 connections (91.47% coverage)

--------------------------------------------------------------------------------
Lattice TRACE Report - Hold, Version Diamond (64-bit) 3.14.0.75.2
Wed Sep 23 08:38:37 2026

Copyright (c) 1991-1994 by NeoCAD Inc. All rights reserved.
Copyright (c) 1995 AT&T Corp.   All rights reserved.
Copyright (c) 1995-2001 Lucent Technologies Inc.  All rights reserved.
Copyright (c) 2001 Agere Systems   All rights reserved.
Copyright (c) 2002-2024 Lattice Semiconductor Corporation,  All rights reserved.

Report Information
------------------
Command line:    trce -v 10 -gt -sethld -sp 6 -sphld m -o SGN_GEN_impl1.twr -gui -msgset C:/Users/staig/Documents/Uni/Master/Signalgenerator/FPGA_Signalgenerator/Code_Loesung/promote.xml SGN_GEN_impl1.ncd SGN_GEN_impl1.prf 
Design file:     sgn_gen_impl1.ncd
Preference file: sgn_gen_impl1.prf
Device,speed:    LFXP2-5E,m
Report level:    verbose report, limited to 10 items per preference
--------------------------------------------------------------------------------

BLOCK ASYNCPATHS
BLOCK RESETPATHS
--------------------------------------------------------------------------------



Timing summary (Hold):
---------------

Timing errors: 0  Score: 0
Cumulative negative slack: 0

Constraints cover 24633 paths, 1 nets, and 3786 connections (91.47% coverage)



Timing summary (Setup and Hold):
---------------

Timing errors: 0 (setup), 0 (hold)
Score: 0 (setup), 0 (hold)
Cumulative negative slack: 0 (0+0)
--------------------------------------------------------------------------------

--------------------------------------------------------------------------------

Total CPU Time: 0 secs 
Total REAL Time: 0 secs 
Peak Memory Usage: 165 MB


tmcheck -par "SGN_GEN_impl1.par" 

bitgen -f "SGN_GEN_impl1.t2b" -w "SGN_GEN_impl1.ncd" -jedec -e -s "C:/Users/staig/Documents/Uni/Master/Signalgenerator/FPGA_Signalgenerator/Code_Loesung/SGN_GEN.sec" -k "C:/Users/staig/Documents/Uni/Master/Signalgenerator/FPGA_Signalgenerator/Code_Loesung/SGN_GEN.bek" "SGN_GEN_impl1.prf"


BITGEN: Bitstream Generator Diamond (64-bit) 3.14.0.75.2
Copyright (c) 1991-1994 by NeoCAD Inc. All rights reserved.
Copyright (c) 1995 AT&T Corp.   All rights reserved.
Copyright (c) 1995-2001 Lucent Technologies Inc.  All rights reserved.
Copyright (c) 2001 Agere Systems   All rights reserved.
Copyright (c) 2002-2024 Lattice Semiconductor Corporation,  All rights reserved.


Loading design for application Bitgen from file SGN_GEN_impl1.ncd.
Design name: Toplevel
NCD version: 3.3
Vendor:      LATTICE
Device:      LFXP2-5E
Package:     TQFP144
Performance: 6
Loading device for application Bitgen from file 'mg5a26x29.nph' in environment: C:/lscc/diamond/3.14/ispfpga.
Package Status:                     Final          Version 1.42.
Performance Hardware Data Status:   Final          Version 11.5.

Running DRC.
chipcheck: INFO: Design contains EBR with ASYNC Reset Mode that has a limitation: The use of the EBR block asynchronous reset requires that certain timing be met between the clock and the reset within the memory block. See the device specific datasheet for additional details.
chipcheck: INFO: Design contains pre-loadable EBR during configuration that has a requirement:Since the GSR is disabled for the EBR, make sure write enable and chip enable are inactive during wake-up, so that the pre-loaded initialization values will not be corrupted during wake-up state.
DRC detected 0 errors and 0 warnings.
Reading Preference File from SGN_GEN_impl1.prf.
    <postMsg mid="1009992" type="Info"    dynamic="1" navigation="0" arg0=" SW_XO3D_SECURITY_ENCRYPTION *NOT* controlled by mg5a00.acd ###"  />
    <postMsg mid="1009992" type="Info"    dynamic="1" navigation="0" arg0=" SW_XO3D_SECURITY_ENCRYPTION license_securityIP OK"  />

Preference Summary:
+---------------------------------+---------------------------------+
|  Preference                     |  Current Setting                |
+---------------------------------+---------------------------------+
|                         RamCfg  |                        Reset**  |
+---------------------------------+---------------------------------+
|                        DONE_EX  |                          OFF**  |
+---------------------------------+---------------------------------+
|                        DONE_OD  |                           ON**  |
+---------------------------------+---------------------------------+
|                  CONFIG_SECURE  |                          OFF**  |
+---------------------------------+---------------------------------+
|                        WAKE_UP  |                           21**  |
+---------------------------------+---------------------------------+
|                   WAKE_ON_LOCK  |                          OFF**  |
+---------------------------------+---------------------------------+
|                          INBUF  |                           ON**  |
+---------------------------------+---------------------------------+
|                     TAG_MEMORY  |                       NORMAL**  |
+---------------------------------+---------------------------------+
|                        MY_ASSP  |                          OFF**  |
+---------------------------------+---------------------------------+
|               ONE_TIME_PROGRAM  |                          OFF**  |
+---------------------------------+---------------------------------+
|                 SLAVE_SPI_PORT  |                      DISABLE**  |
+---------------------------------+---------------------------------+
|                MASTER_SPI_PORT  |                      DISABLE**  |
+---------------------------------+---------------------------------+
|                     DisableUES  |                        FALSE**  |
+---------------------------------+---------------------------------+
 *  Default setting.
 ** The specified setting matches the default setting.


Creating bit map...
Saving bit stream in "SGN_GEN_impl1.jed".
Total CPU Time: 1 secs 
Total REAL Time: 0 secs 
Peak Memory Usage: 284 MB
