-- all messages logged in file hdlparser.log
-- Analyzing VHDL file 'C:/lscc/diamond/3.14/ispfpga/vhdl_packages/standard.vhd' (VHDL-1481)
C:/lscc/diamond/3.14/ispfpga/vhdl_packages/standard.vhd(9): INFO: analyzing package 'standard' (VHDL-1014)
-- Analyzing VHDL file 'C:/lscc/diamond/3.14/ispfpga/vhdl_packages/std_1164.vhd' (VHDL-1481)
C:/lscc/diamond/3.14/ispfpga/vhdl_packages/std_1164.vhd(15): INFO: analyzing package 'std_logic_1164' (VHDL-1014)
C:/lscc/diamond/3.14/ispfpga/vhdl_packages/std_1164.vhd(178): INFO: analyzing package body 'std_logic_1164' (VHDL-1013)
-- Analyzing VHDL file 'C:/lscc/diamond/3.14/ispfpga/vhdl_packages/mgc_qsim.vhd' (VHDL-1481)
C:/lscc/diamond/3.14/ispfpga/vhdl_packages/mgc_qsim.vhd(18): INFO: analyzing package 'qsim_logic' (VHDL-1014)
C:/lscc/diamond/3.14/ispfpga/vhdl_packages/mgc_qsim.vhd(753): INFO: analyzing package body 'qsim_logic' (VHDL-1013)
-- Analyzing VHDL file 'C:/lscc/diamond/3.14/ispfpga/vhdl_packages/numeric_bit.vhd' (VHDL-1481)
C:/lscc/diamond/3.14/ispfpga/vhdl_packages/numeric_bit.vhd(54): INFO: analyzing package 'numeric_bit' (VHDL-1014)
C:/lscc/diamond/3.14/ispfpga/vhdl_packages/numeric_bit.vhd(834): INFO: analyzing package body 'numeric_bit' (VHDL-1013)
-- Analyzing VHDL file 'C:/lscc/diamond/3.14/ispfpga/vhdl_packages/numeric_std.vhd' (VHDL-1481)
C:/lscc/diamond/3.14/ispfpga/vhdl_packages/numeric_std.vhd(57): INFO: analyzing package 'numeric_std' (VHDL-1014)
C:/lscc/diamond/3.14/ispfpga/vhdl_packages/numeric_std.vhd(874): INFO: analyzing package body 'numeric_std' (VHDL-1013)
-- Analyzing VHDL file 'C:/lscc/diamond/3.14/ispfpga/vhdl_packages/textio.vhd' (VHDL-1481)
C:/lscc/diamond/3.14/ispfpga/vhdl_packages/textio.vhd(13): INFO: analyzing package 'textio' (VHDL-1014)
C:/lscc/diamond/3.14/ispfpga/vhdl_packages/textio.vhd(114): INFO: analyzing package body 'textio' (VHDL-1013)
-- Analyzing VHDL file 'C:/lscc/diamond/3.14/ispfpga/vhdl_packages/std_logic_textio.vhd' (VHDL-1481)
C:/lscc/diamond/3.14/ispfpga/vhdl_packages/std_logic_textio.vhd(26): INFO: analyzing package 'std_logic_textio' (VHDL-1014)
C:/lscc/diamond/3.14/ispfpga/vhdl_packages/std_logic_textio.vhd(72): INFO: analyzing package body 'std_logic_textio' (VHDL-1013)
-- Analyzing VHDL file 'C:/lscc/diamond/3.14/ispfpga/vhdl_packages/syn_attr.vhd' (VHDL-1481)
C:/lscc/diamond/3.14/ispfpga/vhdl_packages/syn_attr.vhd(39): INFO: analyzing package 'attributes' (VHDL-1014)
-- Analyzing VHDL file 'C:/lscc/diamond/3.14/ispfpga/vhdl_packages/syn_misc.vhd' (VHDL-1481)
C:/lscc/diamond/3.14/ispfpga/vhdl_packages/syn_misc.vhd(30): INFO: analyzing package 'std_logic_misc' (VHDL-1014)
C:/lscc/diamond/3.14/ispfpga/vhdl_packages/syn_misc.vhd(182): INFO: analyzing package body 'std_logic_misc' (VHDL-1013)
-- Analyzing VHDL file 'C:/lscc/diamond/3.14/ispfpga/vhdl_packages/math_real.vhd' (VHDL-1481)
C:/lscc/diamond/3.14/ispfpga/vhdl_packages/math_real.vhd(56): INFO: analyzing package 'math_real' (VHDL-1014)
C:/lscc/diamond/3.14/ispfpga/vhdl_packages/math_real.vhd(685): INFO: analyzing package body 'math_real' (VHDL-1013)
-- Analyzing VHDL file 'C:/lscc/diamond/3.14/ispfpga/vhdl_packages/mixed_lang_vltype.vhd' (VHDL-1481)
C:/lscc/diamond/3.14/ispfpga/vhdl_packages/mixed_lang_vltype.vhd(9): INFO: analyzing package 'vl_types' (VHDL-1014)
C:/lscc/diamond/3.14/ispfpga/vhdl_packages/mixed_lang_vltype.vhd(88): INFO: analyzing package body 'vl_types' (VHDL-1013)
-- Analyzing VHDL file 'C:/lscc/diamond/3.14/ispfpga/vhdl_packages/syn_arit.vhd' (VHDL-1481)
C:/lscc/diamond/3.14/ispfpga/vhdl_packages/syn_arit.vhd(25): INFO: analyzing package 'std_logic_arith' (VHDL-1014)
C:/lscc/diamond/3.14/ispfpga/vhdl_packages/syn_arit.vhd(206): INFO: analyzing package body 'std_logic_arith' (VHDL-1013)
-- Analyzing VHDL file 'C:/lscc/diamond/3.14/ispfpga/vhdl_packages/syn_sign.vhd' (VHDL-1481)
C:/lscc/diamond/3.14/ispfpga/vhdl_packages/syn_sign.vhd(35): INFO: analyzing package 'std_logic_signed' (VHDL-1014)
C:/lscc/diamond/3.14/ispfpga/vhdl_packages/syn_sign.vhd(96): INFO: analyzing package body 'std_logic_signed' (VHDL-1013)
-- Analyzing VHDL file 'C:/lscc/diamond/3.14/ispfpga/vhdl_packages/syn_unsi.vhd' (VHDL-1481)
C:/lscc/diamond/3.14/ispfpga/vhdl_packages/syn_unsi.vhd(35): INFO: analyzing package 'std_logic_unsigned' (VHDL-1014)
C:/lscc/diamond/3.14/ispfpga/vhdl_packages/syn_unsi.vhd(94): INFO: analyzing package body 'std_logic_unsigned' (VHDL-1013)
-- Analyzing VHDL file 'C:/lscc/diamond/3.14/ispfpga/vhdl_packages/synattr.vhd' (VHDL-1481)
C:/lscc/diamond/3.14/ispfpga/vhdl_packages/synattr.vhd(50): INFO: analyzing package 'attributes' (VHDL-1014)
-- Analyzing VHDL file 'C:/lscc/diamond/3.14/ispfpga/userware/NT/SYNTHESIS_HEADERS/xp2.vhd' (VHDL-1481)
-- Analyzing VHDL file 'C:/Users/staig/Documents/Uni/Master/Signalgenerator/Code/debounce.vhd' (VHDL-1481)
C:/Users/staig/Documents/Uni/Master/Signalgenerator/Code/debounce.vhd(16): INFO: analyzing entity 'debounce' (VHDL-1012)
C:/Users/staig/Documents/Uni/Master/Signalgenerator/Code/debounce.vhd(29): INFO: analyzing architecture 'rtl' (VHDL-1010)
-- Analyzing VHDL file 'C:/Users/staig/Documents/Uni/Master/Signalgenerator/Code/steuerung.vhd' (VHDL-1481)
C:/Users/staig/Documents/Uni/Master/Signalgenerator/Code/steuerung.vhd(15): INFO: analyzing entity 'steuerung' (VHDL-1012)
C:/Users/staig/Documents/Uni/Master/Signalgenerator/Code/steuerung.vhd(40): INFO: analyzing architecture 'rtl' (VHDL-1010)
-- Analyzing VHDL file 'C:/Users/staig/Documents/Uni/Master/Signalgenerator/Code/frequenzteiler.vhd' (VHDL-1481)
C:/Users/staig/Documents/Uni/Master/Signalgenerator/Code/frequenzteiler.vhd(15): INFO: analyzing entity 'frequenzteiler' (VHDL-1012)
C:/Users/staig/Documents/Uni/Master/Signalgenerator/Code/frequenzteiler.vhd(23): INFO: analyzing architecture 'rtl' (VHDL-1010)
-- Analyzing VHDL file 'C:/Users/staig/Documents/Uni/Master/Signalgenerator/Code/rect_gen.vhd' (VHDL-1481)
C:/Users/staig/Documents/Uni/Master/Signalgenerator/Code/rect_gen.vhd(14): INFO: analyzing entity 'rect_gen' (VHDL-1012)
C:/Users/staig/Documents/Uni/Master/Signalgenerator/Code/rect_gen.vhd(25): INFO: analyzing architecture 'rtl' (VHDL-1010)
-- Analyzing VHDL file 'C:/Users/staig/Documents/Uni/Master/Signalgenerator/Code/dreieck_gen.vhd' (VHDL-1481)
C:/Users/staig/Documents/Uni/Master/Signalgenerator/Code/dreieck_gen.vhd(15): INFO: analyzing entity 'dreieck_gen' (VHDL-1012)
C:/Users/staig/Documents/Uni/Master/Signalgenerator/Code/dreieck_gen.vhd(27): INFO: analyzing architecture 'rtl' (VHDL-1010)
-- Analyzing VHDL file 'C:/Users/staig/Documents/Uni/Master/Signalgenerator/Code/SIN.vhd' (VHDL-1481)
C:/Users/staig/Documents/Uni/Master/Signalgenerator/Code/SIN.vhd(14): INFO: analyzing entity 'sin' (VHDL-1012)
C:/Users/staig/Documents/Uni/Master/Signalgenerator/Code/SIN.vhd(23): INFO: analyzing architecture 'structure' (VHDL-1010)
-- Analyzing VHDL file 'C:/Users/staig/Documents/Uni/Master/Signalgenerator/Code/sinus_gen.vhd' (VHDL-1481)
C:/Users/staig/Documents/Uni/Master/Signalgenerator/Code/sinus_gen.vhd(17): INFO: analyzing entity 'sinus_gen' (VHDL-1012)
C:/Users/staig/Documents/Uni/Master/Signalgenerator/Code/sinus_gen.vhd(27): INFO: analyzing architecture 'rtl' (VHDL-1010)
-- Analyzing VHDL file 'C:/Users/staig/Documents/Uni/Master/Signalgenerator/Code/saegezahn_gen.vhd' (VHDL-1481)
C:/Users/staig/Documents/Uni/Master/Signalgenerator/Code/saegezahn_gen.vhd(14): INFO: analyzing entity 'saegezahn_gen' (VHDL-1012)
C:/Users/staig/Documents/Uni/Master/Signalgenerator/Code/saegezahn_gen.vhd(25): INFO: analyzing architecture 'rtl' (VHDL-1010)
-- Analyzing VHDL file 'C:/Users/staig/Documents/Uni/Master/Signalgenerator/Code/mystery.vhd' (VHDL-1481)
C:/Users/staig/Documents/Uni/Master/Signalgenerator/Code/mystery.vhd(11): INFO: analyzing entity 'mystery' (VHDL-1012)
C:/Users/staig/Documents/Uni/Master/Signalgenerator/Code/mystery.vhd(19): INFO: analyzing architecture 'rtl' (VHDL-1010)
-- Analyzing VHDL file 'C:/Users/staig/Documents/Uni/Master/Signalgenerator/Code/toplevel.vhd' (VHDL-1481)
C:/Users/staig/Documents/Uni/Master/Signalgenerator/Code/toplevel.vhd(18): INFO: analyzing entity 'toplevel' (VHDL-1012)
C:/Users/staig/Documents/Uni/Master/Signalgenerator/Code/toplevel.vhd(59): INFO: analyzing architecture 'arch' (VHDL-1010)
